// Jest Snapshot v1, https://goo.gl/fbAQLP

exports[`Home initial state should match snapshot 1`] = `
<div
  className="home"
>
  <img
    alt="apod"
    className="apod-img"
    src="http://someurl"
  />
  <header>
    <div
      className="prompt"
    >
      <h3
        className="test"
      >
        How far do you think you've traveled today?
      </h3>
      <h3
        className="test"
      >
        How far have you traveled this week?
      </h3>
      <h3
        className="test input-date"
      >
        Enter a date to find out:
        <Connect(DateForm)
          className="test"
          key="Mon Feb 25 2019"
          today="Mon Feb 25 2019"
        />
      </h3>
      <div>
        <p
          className="test"
        >
          Time elapsed since 
          : 
        </p>
        <p
          className="test"
        >
          <span>
            NaN
             days and 
          </span>
          <span>
             ~
            NaN
             hours
          </span>
        </p>
        <p
          className="test"
        >
          Approx. total miles you've gone in that time: 
        </p>
        <p
          className="test user-dist"
        >
          <CountUp$$1
            decimal="."
            decimals={1}
            delay={0}
            duration="1000000"
            easingFn={null}
            end={NaN}
            formattingFn={null}
            onEnd={[Function]}
            onPauseResume={[Function]}
            onReset={[Function]}
            onStart={[Function]}
            onUpdate={[Function]}
            prefix=""
            redraw={false}
            separator=","
            start={NaN}
            suffix=""
            useEasing={false}
          >
            <Component />
          </CountUp$$1>
        </p>
      </div>
    </div>
  </header>
  <Collapsible
    className="test extra"
    classParentString="Collapsible"
    contentContainerTagName="div"
    contentInnerClassName=""
    contentOuterClassName=""
    easing="linear"
    lazyRender={false}
    onClose={[Function]}
    onClosing={[Function]}
    onOpen={[Function]}
    onOpening={[Function]}
    open={false}
    openedClassName=""
    overflowWhenOpen="hidden"
    tabIndex={null}
    transitionCloseTime={null}
    transitionTime={400}
    trigger="Show More"
    triggerClassName=""
    triggerDisabled={false}
    triggerOpenedClassName=""
    triggerSibling={null}
    triggerStyle={null}
    triggerTagName="span"
  >
    <div
      className="stats"
    >
      <h4
        className="test"
      >
        HOW FAST YOU ARE MOVING RIGHT NOW
      </h4>
      <h6
        className="test"
      >
        distance from new york to san francisco: 
        <span>
          2,569 miles
        </span>
      </h6>
      <h6
        className="test"
      >
        distance from san francisco to paris: 
        <span>
          5,560 miles
        </span>
         
      </h6>
      <h6
        className="test"
      >
        distance from new york to australia: 
        <span>
          10,512 miles
        </span>
      </h6>
      <h6
        className="test"
      >
        circumference of the earth: 
        <span>
          24,901 miles
        </span>
      </h6>
      <h6
        className="test"
      >
        distance to the moon: 
        <span>
          238,900 miles
        </span>
      </h6>
    </div>
    <section
      className="details"
    >
      <div
        className="title"
      >
        <p
          className="test"
        >
          elapsed time since you arrived on this page in seconds
        </p>
        <p
          className="test"
        >
          Distance covered in miles due to Earth spinning
        </p>
        <p
          className="test"
        >
          Distance covered in miles due to the Earth orbiting the Sun
        </p>
        <p
          className="test"
        >
          Distance covered in miles due to the Solar system orbiting in the galaxy
        </p>
        <p
          className="test"
        >
          Distance covered in miles due to the Milky Way moving towards Andromeda
        </p>
        <p
          className="test"
        >
          Your total distance covered in that time
        </p>
      </div>
      <div
        className="counter-info"
      >
        <p
          className="test"
        >
          <CountUp$$1
            decimal="."
            decimals={1}
            delay={0}
            duration="1000000"
            easingFn={null}
            end={1000004}
            formattingFn={null}
            onEnd={[Function]}
            onPauseResume={[Function]}
            onReset={[Function]}
            onStart={[Function]}
            onUpdate={[Function]}
            prefix=""
            redraw={false}
            separator=","
            start={4}
            suffix=""
            useEasing={false}
          >
            <Component />
          </CountUp$$1>
        </p>
        <p
          className="test"
        >
          <CountUp$$1
            decimal="."
            decimals={1}
            delay={0}
            duration="1000000"
            easingFn={null}
            end={280001.12}
            formattingFn={null}
            onEnd={[Function]}
            onPauseResume={[Function]}
            onReset={[Function]}
            onStart={[Function]}
            onUpdate={[Function]}
            prefix=""
            redraw={false}
            separator=","
            start={1.12}
            suffix=""
            useEasing={false}
          >
            <Component />
          </CountUp$$1>
        </p>
        <p
          className="test"
        >
          <CountUp$$1
            decimal="."
            decimals={0}
            delay={0}
            duration="1000000"
            easingFn={null}
            end={18500000}
            formattingFn={null}
            onEnd={[Function]}
            onPauseResume={[Function]}
            onReset={[Function]}
            onStart={[Function]}
            onUpdate={[Function]}
            prefix=""
            redraw={false}
            separator=","
            start={74}
            suffix=""
            useEasing={false}
          >
            <Component />
          </CountUp$$1>
        </p>
        <p
          className="test"
        >
          <CountUp$$1
            decimal="."
            decimals={0}
            delay={0}
            duration="1000000"
            easingFn={null}
            end={124450000}
            formattingFn={null}
            onEnd={[Function]}
            onPauseResume={[Function]}
            onReset={[Function]}
            onStart={[Function]}
            onUpdate={[Function]}
            prefix=""
            redraw={false}
            separator=","
            start={497.8}
            suffix=""
            useEasing={false}
          >
            <Component />
          </CountUp$$1>
        </p>
        <p
          className="test"
        >
          <CountUp$$1
            decimal="."
            decimals={0}
            delay={0}
            duration="1000000"
            easingFn={null}
            end={70000000}
            formattingFn={null}
            onEnd={[Function]}
            onPauseResume={[Function]}
            onReset={[Function]}
            onStart={[Function]}
            onUpdate={[Function]}
            prefix=""
            redraw={false}
            separator=","
            start={280}
            suffix=""
            useEasing={false}
          >
            <Component />
          </CountUp$$1>
        </p>
        <p
          className="test"
        >
          <CountUp$$1
            decimal="."
            decimals={0}
            delay={0}
            duration="1000000"
            easingFn={null}
            end={213230000}
            formattingFn={null}
            onEnd={[Function]}
            onPauseResume={[Function]}
            onReset={[Function]}
            onStart={[Function]}
            onUpdate={[Function]}
            prefix=""
            redraw={false}
            separator=","
            start={852.92}
            suffix=""
            useEasing={false}
          >
            <Component />
          </CountUp$$1>
        </p>
      </div>
    </section>
  </Collapsible>
</div>
`;
