// Jest Snapshot v1, https://goo.gl/fbAQLP

exports[`NavBar should match snapshot 1`] = `
<nav>
  <ul>
    <NavBtn
      name="Home"
      path="/"
    />
    <NavBtn
      name="Moon"
      path="/moon"
    />
    <Collapsible
      className=""
      classParentString="Collapsible"
      contentContainerTagName="div"
      contentInnerClassName=""
      contentOuterClassName=""
      easing="linear"
      lazyRender={false}
      onClose={[Function]}
      onClosing={[Function]}
      onOpen={[Function]}
      onOpening={[Function]}
      open={false}
      openedClassName=""
      overflowWhenOpen="hidden"
      tabIndex={null}
      transitionCloseTime={null}
      transitionTime={400}
      trigger="Planets"
      triggerClassName=""
      triggerDisabled={false}
      triggerOpenedClassName=""
      triggerSibling={null}
      triggerStyle={null}
      triggerTagName="span"
    >
      <NavBtn
        key="Mercury"
        name="Mercury"
        path="/planets/Mercury"
      />
      <NavBtn
        key="Venus"
        name="Venus"
        path="/planets/Venus"
      />
      <NavBtn
        key="Earth"
        name="Earth"
        path="/planets/Earth"
      />
      <NavBtn
        key="Mars"
        name="Mars"
        path="/planets/Mars"
      />
      <NavBtn
        key="Jupiter"
        name="Jupiter"
        path="/planets/Jupiter"
      />
      <NavBtn
        key="Saturn"
        name="Saturn"
        path="/planets/Saturn"
      />
      <NavBtn
        key="Uranus"
        name="Uranus"
        path="/planets/Uranus"
      />
      <NavBtn
        key="Neptune"
        name="Neptune"
        path="/planets/Neptune"
      />
    </Collapsible>
    <NavBtn
      name="Sun"
      path="/sun"
    />
  </ul>
</nav>
`;
