// Jest Snapshot v1, https://goo.gl/fbAQLP

exports[`UserDate initial state should match snapshot 1`] = `
<div
  className="user-date"
>
  <p>
    Time elapsed since 
    : 
  </p>
  <p
    className="user-info"
  >
    <span>
      3
       days and 
    </span>
    <span>
       ~
      7
       hours
    </span>
  </p>
  <p>
    Approx. total miles you've gone in that time: 
  </p>
  <p
    className="user-info"
  >
    123456789
  </p>
</div>
`;
