// Jest Snapshot v1, https://goo.gl/fbAQLP

exports[`DateForm initial state should match snapshot 1`] = `
<div
  className="date-form"
>
  <DateInput
    disabled={false}
    invalidError={null}
    maxDate="2018-10-02"
    maxDateError={null}
    minDate="0000-01-01"
    minDateError={null}
    onBlur={[Function]}
    onChange={[Function]}
    rules={null}
    shouldValidate={true}
  />
</div>
`;
