// Jest Snapshot v1, https://goo.gl/fbAQLP

exports[`Distances initial state should match snapshot 1`] = `
<Collapsible
  className=""
  classParentString="Collapsible"
  contentContainerTagName="div"
  contentInnerClassName=""
  contentOuterClassName=""
  easing="linear"
  lazyRender={false}
  onClose={[Function]}
  onClosing={[Function]}
  onOpen={[Function]}
  onOpening={[Function]}
  open={false}
  openedClassName=""
  overflowWhenOpen="hidden"
  tabIndex={null}
  transitionCloseTime={null}
  transitionTime={400}
  trigger="Show More"
  triggerClassName=""
  triggerDisabled={false}
  triggerOpenedClassName=""
  triggerSibling={null}
  triggerStyle={null}
  triggerTagName="span"
>
  <div
    className="stats text-bg"
  >
    <h4>
      HOW FAST YOU ARE MOVING RIGHT NOW
    </h4>
    <h6>
      distance from new york to san francisco: 
      <span>
        2,569 miles
      </span>
    </h6>
    <h6>
      distance from san francisco to paris: 
      <span>
        5,560 miles
      </span>
       
    </h6>
    <h6>
      distance from new york to australia: 
      <span>
        10,512 miles
      </span>
    </h6>
    <h6>
      circumference of the earth: 
      <span>
        24,901 miles
      </span>
    </h6>
    <h6>
      distance to the moon: 
      <span>
        238,900 miles
      </span>
    </h6>
  </div>
  <section
    className="details"
  >
    <div
      className="title text-bg"
    >
      <p>
        elapsed time since you arrived on this page in seconds
      </p>
      <p>
        Distance covered in miles due to Earth spinning
      </p>
      <p>
        Distance covered in miles due to the Earth orbiting the Sun
      </p>
      <p>
        Distance covered in miles due to the Solar system orbiting in the galaxy
      </p>
      <p>
        Distance covered in miles due to the Milky Way moving towards Andromeda
      </p>
      <p>
        Your total distance covered in that time
      </p>
    </div>
    <div
      className="counter-info text-bg"
    >
      <p>
        <Counter
          decimal={1}
          end={1000000.01}
          start={0.01}
        />
      </p>
      <p>
        <Counter
          decimal={1}
          end={280000.0028}
          start={0.0028000000000000004}
        />
      </p>
      <p>
        <Counter
          end={18500000.185}
          start={0.185}
        />
      </p>
      <p>
        <Counter
          end={124450001.2445}
          start={1.2445000000000002}
        />
      </p>
      <p>
        <Counter
          end={70000000.7}
          start={0.7000000000000001}
        />
      </p>
      <p>
        <Counter
          end={213230002.1323}
          start={2.1323}
        />
      </p>
    </div>
  </section>
</Collapsible>
`;
